// Jest Snapshot v1, https://goo.gl/fbAQLP

exports[`Render Splash snapshot 1`] = `
<body>
  <div>
    <div
      class="flex justify-center items-center h-screen animate-pulse"
    >
      <div
        class="flex flex-col "
      >
        <div>
          <img
            alt="META"
            class="block m-auto mt-24 "
            src="arrow_splash.png"
          />
        </div>
        <div>
          <img
            alt="META"
            class="block m-auto mt-24 mb-10"
            src="letters_splash.svg"
          />
        </div>
      </div>
    </div>
  </div>
</body>
`;
