// Jest Snapshot v1, https://goo.gl/fbAQLP

exports[`Render Window Documents snapshot 1`] = `
<body>
  <div>
    <div>
      <div>
        <div
          class="flex justify-end"
        >
          <button
            aria-label="Close"
            class="bg-blanco p-1 h-9 w-9 text-16 dark:bg-bajio dark:text-bajio"
            data-dismiss="alert"
            type="button"
          >
            <span
              aria-hidden="true"
              class="block text-blackmeta text-16 font-bold -mt-1 dark:text-primarymeta"
            >
              Ã—
            </span>
          </button>
        </div>
        <h1
          class="font-bold text-center text-black text-20"
        >
          Texto
        </h1>
        <div
          class="mt-1 -mb3 "
        >
          <div
            class="grid grid-cols-1 "
          >
            <div
              class="flex justify-center"
            >
              <div
                class="flex flex-row mt-0 mr-3"
              >
                <div>
                  <button
                    class=" button-filter rounded-buttof ml-2 mr-1 dark:bg-aguascalientesRGB dark:text-aguascalientes"
                    type="button"
                  >
                    <img
                      class="ml-1"
                      src="zoom.svg"
                    />
                  </button>
                </div>
                <div>
                  <button
                    class=" button-filter rounded-buttof ml-2 mr-1 dark:bg-aguascalientesRGB dark:text-aguascalientes"
                    type="button"
                  >
                    <img
                      class="ml-1"
                      src="less.svg"
                    />
                  </button>
                </div>
                <div>
                  <button
                    class=" button-filter rounded-buttof ml-2 mr-1 dark:bg-aguascalientesRGB dark:text-aguascalientes"
                    type="button"
                  >
                    <img
                      class="ml-1"
                      src="rright.svg"
                    />
                  </button>
                </div>
                <div>
                  <button
                    class=" button-filter rounded-buttof ml-2 mr-1 dark:bg-aguascalientesRGB dark:text-aguascalientes"
                    type="button"
                  >
                    <img
                      class="ml-1"
                      src="rleft.svg"
                    />
                  </button>
                </div>
              </div>
            </div>
          </div>
          <div
            class="flex justify-center bg-blanco dark:bg-bajio"
          >
            <div
              class="react-transform-component TransformComponent-module_container__3NwNd "
            >
              <div
                class="react-transform-element TransformComponent-module_content__TZU5O "
                style="transform: translate(25%, 25%) scale(1);"
              >
                <img
                  alt="Image document"
                  class="img-carrousel"
                  src=""
                  style="transform: rotate(0deg);"
                />
              </div>
            </div>
          </div>
        </div>
      </div>
    </div>
  </div>
</body>
`;
